******************************************************************************
               TMS320C6x Linker PC v7.3.4                      
******************************************************************************
>> Linked Sun Nov 03 19:19:40 2019

OUTPUT FILE NAME:   <FFT.out>
ENTRY POINT SYMBOL: "_c_int00"  address: 00005700


MEMORY CONFIGURATION

         name            origin    length      used     unused   attr    fill
----------------------  --------  ---------  --------  --------  ----  --------
  RAM                   00000001   fffffffe  00007950  ffff86ae  RWIX


SECTION ALLOCATION MAP

 output                                  attributes/
section   page    origin      length       input sections
--------  ----  ----------  ----------   ----------------
.pinit     0    00000004    00000000     UNINITIALIZED

.const     0    00000008    00000010     
                  00000008    00000008     rts6200.lib : divd.obj (.const:_initial_approx$1)
                  00000010    00000008                 : divf.obj (.const:_initial_approx$1)

.data      0    00000008    00000000     UNINITIALIZED

.text      0    00000020    00005ac0     
                  00000020    00000b80     main.obj (.text)
                  00000ba0    00000740     rts6200.lib : divd.obj (.text:__divd)
                  000012e0    000006e0                 : cos.obj (.text:_cos)
                  000019c0    00000640                 : sin.obj (.text:_sin)
                  00002000    00000540                 : log.obj (.text:_log)
                  00002540    000004c0                 : divf.obj (.text:__divf)
                  00002a00    000004c0                 : exp.obj (.text:_exp)
                  00002ec0    00000440                 : addf.obj (.text:__addf)
                  00003300    000003c0                 : sqrt.obj (.text:_sqrt)
                  000036c0    00000320                 : frcaddd.obj (.text:__frcaddd)
                  000039e0    00000320                 : mpyd.obj (.text:__mpyd)
                  00003d00    00000300                 : addd.obj (.text:__addd)
                  00004000    00000300                 : ldexp.obj (.text:_ldexp)
                  00004300    00000280                 : frexp.obj (.text:_frexp)
                  00004580    00000260                 : mpyf.obj (.text:__mpyf)
                  000047e0    00000240                 : memcpy62.obj (.text:_memcpy)
                  00004a20    000001a0                 : round.obj (.text:__nround)
                  00004bc0    00000160                 : autoinit.obj (.text:__auto_init)
                  00004d20    00000160                 : frcmpyd_div.obj (.text:__frcmpyd_div)
                  00004e80    00000140                 : frcmpyd.obj (.text:__frcmpyd)
                  00004fc0    00000120                 : exit.obj (.text:_exit)
                  000050e0    00000100                 : cmpd.obj (.text:__cmpd)
                  000051e0    000000e0                 : modf.obj (.text:_modf)
                  000052c0    000000c0                 : cvtdf.obj (.text:__cvtdf)
                  00005380    000000c0                 : fixdi.obj (.text:__fixdi)
                  00005440    000000c0                 : cpy_tbl.obj (.text:_copy_in)
                  00005500    000000c0                 : rand.obj (.text:_rand)
                  000055c0    000000a0                 : mpyll.obj (.text:__mpyll)
                  00005660    000000a0                 : renormd.obj (.text:__renormd)
                  00005700    00000080                 : boot.obj (.text:_c_int00)
                  00005780    00000060                 : cvtfd.obj (.text:__cvtfd)
                  000057e0    00000060                 : fltid.obj (.text:__fltid)
                  00005840    00000060                 : fltif.obj (.text:__fltif)
                  000058a0    00000060                 : frcmpyf.obj (.text:__frcmpyf)
                  00005900    00000060                 : subd.obj (.text:__subd)
                  00005960    00000040                 : args_main.obj (.text:__args_main)
                  000059a0    00000040                 : frcmpyf_div.obj (.text:__frcmpyf_div)
                  000059e0    00000040                 : negd.obj (.text:__negd)
                  00005a20    00000040                 : subf.obj (.text:__subf)
                  00005a60    00000040                 : trunc.obj (.text:__trunc)
                  00005aa0    00000020                 : _lock.obj (.text:__nop)
                  00005ac0    00000020                 : exit.obj (.text:_abort)

.far       0    00005ae0    00001870     UNINITIALIZED
                  00005ae0    00001770     main.obj (.far)
                  00007250    00000040     rts6200.lib : cos.obj (.far)
                  00007290    00000040                 : sin.obj (.far)
                  000072d0    00000030                 : exp.obj (.far)
                  00007300    00000030                 : log.obj (.far)
                  00007330    0000000c                 : exit.obj (.far)
                  0000733c    00000008                 : _lock.obj (.far)
                  00007344    00000004                 : errno.obj (.far)
                  00007348    00000008                 : rand.obj (.far)

.stack     0    00007350    00000400     UNINITIALIZED
                  00007350    00000008     rts6200.lib : boot.obj (.stack)
                  00007358    000003f8     --HOLE--

.cinit     0    00007750    000001b4     
                  00007750    00000048     rts6200.lib : cos.obj (.cinit)
                  00007798    00000048                 : sin.obj (.cinit)
                  000077e0    00000040                 : exp.obj (.cinit)
                  00007820    00000040                 : log.obj (.cinit)
                  00007860    0000002c     main.obj (.cinit)
                  0000788c    00000004     --HOLE-- [fill = 0]
                  00007890    0000002c     rts6200.lib : exit.obj (.cinit)
                  000078bc    00000004     --HOLE-- [fill = 0]
                  000078c0    0000001c                 : _lock.obj (.cinit)
                  000078dc    00000004     --HOLE-- [fill = 0]
                  000078e0    00000010                 : rand.obj (.cinit)
                  000078f0    0000000c                 : errno.obj (.cinit)
                  000078fc    00000004     --HOLE-- [fill = 0]
                  00007900    00000004     (.pad.cinit) [fill = 0]

.bss       0    00007908    0000005c     UNINITIALIZED
                  00007908    0000005c     main.obj (.bss)


GLOBAL SYMBOLS: SORTED ALPHABETICALLY BY Name 

address    name
--------   ----
00007908   $bss
00007908   .bss
00000008   .data
00000020   .text
00005ac0   C$$EXIT
00007910   _N
0000790c   _PI
00007750   __STACK_END
00000400   __STACK_SIZE
00000001   __TI_args_main
00007338   ___TI_enable_exit_profile_output
ffffffff   ___TI_pprof_out_hndl
ffffffff   ___TI_prof_data_size
ffffffff   ___TI_prof_data_start
ffffffff   ___binit__
00007908   ___bss__
ffffffff   ___c_args__
00007750   ___cinit__
00000008   ___data__
00000008   ___edata__
00007964   ___end__
00005ae0   ___etext__
ffffffff   ___pinit__
00000020   ___text__
00003d00   __addd
00002ec0   __addf
00005960   __args_main
00004bc0   __auto_init
00007330   __cleanup_ptr
000050e0   __cmpd
000052c0   __cvtdf
00005780   __cvtfd
00000ba0   __divd
00002540   __divf
00007334   __dtors_ptr
00005380   __fixdi
000057e0   __fltid
00005840   __fltif
000036c0   __frcaddd
00004e80   __frcmpyd
00004d20   __frcmpyd_div
000058a0   __frcmpyf
000059a0   __frcmpyf_div
0000733c   __lock
000039e0   __mpyd
00004580   __mpyf
000055c0   __mpyll
000059e0   __negd
00005aa0   __nop
00004a20   __nround
00005660   __renormd
00007350   __stack
00005900   __subd
00005a20   __subf
00005a60   __trunc
00007340   __unlock
00007944   _a
00005ac0   _abort
00007948   _b
0000794c   _c
00005700   _c_int00
00005440   _copy_in
000012e0   _cos
00007344   _errno
00004fc0   _exit
00002a00   _exp
0000793c   _f
00004300   _frexp
00000020   _gaussrand
00007934   _i
00007930   _j
00007938   _k
00004000   _ldexp
00002000   _log
0000791c   _m
000002a8   _main
000047e0   _memcpy
000051e0   _modf
00007940   _n
00006da0   _nw
00007908   _pi
00005500   _rand
000019c0   _sin
00003300   _sqrt
00007924   _t_im
00007920   _t_re
0000792c   _v_im
00007928   _v_re
00007918   _w_im
00007914   _w_re
00005f90   _x_im
00005ae0   _x_re
000068f0   _y_im
00006440   _y_re
ffffffff   binit
00007750   cinit
00000008   edata
00007964   end
00005ae0   etext
ffffffff   pinit


GLOBAL SYMBOLS: SORTED BY Symbol Address 

address    name
--------   ----
00000001   __TI_args_main
00000008   .data
00000008   ___data__
00000008   ___edata__
00000008   edata
00000020   .text
00000020   ___text__
00000020   _gaussrand
000002a8   _main
00000400   __STACK_SIZE
00000ba0   __divd
000012e0   _cos
000019c0   _sin
00002000   _log
00002540   __divf
00002a00   _exp
00002ec0   __addf
00003300   _sqrt
000036c0   __frcaddd
000039e0   __mpyd
00003d00   __addd
00004000   _ldexp
00004300   _frexp
00004580   __mpyf
000047e0   _memcpy
00004a20   __nround
00004bc0   __auto_init
00004d20   __frcmpyd_div
00004e80   __frcmpyd
00004fc0   _exit
000050e0   __cmpd
000051e0   _modf
000052c0   __cvtdf
00005380   __fixdi
00005440   _copy_in
00005500   _rand
000055c0   __mpyll
00005660   __renormd
00005700   _c_int00
00005780   __cvtfd
000057e0   __fltid
00005840   __fltif
000058a0   __frcmpyf
00005900   __subd
00005960   __args_main
000059a0   __frcmpyf_div
000059e0   __negd
00005a20   __subf
00005a60   __trunc
00005aa0   __nop
00005ac0   C$$EXIT
00005ac0   _abort
00005ae0   ___etext__
00005ae0   _x_re
00005ae0   etext
00005f90   _x_im
00006440   _y_re
000068f0   _y_im
00006da0   _nw
00007330   __cleanup_ptr
00007334   __dtors_ptr
00007338   ___TI_enable_exit_profile_output
0000733c   __lock
00007340   __unlock
00007344   _errno
00007350   __stack
00007750   __STACK_END
00007750   ___cinit__
00007750   cinit
00007908   $bss
00007908   .bss
00007908   ___bss__
00007908   _pi
0000790c   _PI
00007910   _N
00007914   _w_re
00007918   _w_im
0000791c   _m
00007920   _t_re
00007924   _t_im
00007928   _v_re
0000792c   _v_im
00007930   _j
00007934   _i
00007938   _k
0000793c   _f
00007940   _n
00007944   _a
00007948   _b
0000794c   _c
00007964   ___end__
00007964   end
ffffffff   ___TI_pprof_out_hndl
ffffffff   ___TI_prof_data_size
ffffffff   ___TI_prof_data_start
ffffffff   ___binit__
ffffffff   ___c_args__
ffffffff   ___pinit__
ffffffff   binit
ffffffff   pinit

[100 symbols]
