******************************************************************************
               TMS320C6x Linker PC v7.3.4                      
******************************************************************************
>> Linked Sun Nov 03 19:05:26 2019

OUTPUT FILE NAME:   <CONV.out>
ENTRY POINT SYMBOL: "_c_int00"  address: 000047c0


MEMORY CONFIGURATION

         name            origin    length      used     unused   attr    fill
----------------------  --------  ---------  --------  --------  ----  --------
  RAM                   00000001   fffffffe  00005610  ffffa9ee  RWIX


SECTION ALLOCATION MAP

 output                                  attributes/
section   page    origin      length       input sections
--------  ----  ----------  ----------   ----------------
.pinit     0    00000004    00000000     UNINITIALIZED

.const     0    00000008    00000008     
                  00000008    00000008     rts6200.lib : divd.obj (.const:_initial_approx$1)

.data      0    00000008    00000000     UNINITIALIZED

.text      0    00000020    00004aa0     
                  00000020    00000740     rts6200.lib : divd.obj (.text:__divd)
                  00000760    000006e0                 : cos.obj (.text:_cos)
                  00000e40    00000640                 : sin.obj (.text:_sin)
                  00001480    000005c0     main.obj (.text)
                  00001a40    00000540     rts6200.lib : log.obj (.text:_log)
                  00001f80    00000440                 : addf.obj (.text:__addf)
                  000023c0    000003c0                 : sqrt.obj (.text:_sqrt)
                  00002780    00000320                 : frcaddd.obj (.text:__frcaddd)
                  00002aa0    00000320                 : mpyd.obj (.text:__mpyd)
                  00002dc0    00000300                 : addd.obj (.text:__addd)
                  000030c0    00000300                 : ldexp.obj (.text:_ldexp)
                  000033c0    00000280                 : frexp.obj (.text:_frexp)
                  00003640    00000260                 : mpyf.obj (.text:__mpyf)
                  000038a0    00000240                 : memcpy62.obj (.text:_memcpy)
                  00003ae0    000001a0                 : round.obj (.text:__nround)
                  00003c80    00000160                 : autoinit.obj (.text:__auto_init)
                  00003de0    00000160                 : frcmpyd_div.obj (.text:__frcmpyd_div)
                  00003f40    00000140                 : frcmpyd.obj (.text:__frcmpyd)
                  00004080    00000120                 : exit.obj (.text:_exit)
                  000041a0    00000100                 : cmpd.obj (.text:__cmpd)
                  000042a0    000000e0                 : modf.obj (.text:_modf)
                  00004380    000000c0                 : cvtdf.obj (.text:__cvtdf)
                  00004440    000000c0                 : fixdi.obj (.text:__fixdi)
                  00004500    000000c0                 : cpy_tbl.obj (.text:_copy_in)
                  000045c0    000000c0                 : rand.obj (.text:_rand)
                  00004680    000000a0                 : mpyll.obj (.text:__mpyll)
                  00004720    000000a0                 : renormd.obj (.text:__renormd)
                  000047c0    00000080                 : boot.obj (.text:_c_int00)
                  00004840    00000060                 : cvtfd.obj (.text:__cvtfd)
                  000048a0    00000060                 : fltid.obj (.text:__fltid)
                  00004900    00000060                 : frcmpyf.obj (.text:__frcmpyf)
                  00004960    00000060                 : subd.obj (.text:__subd)
                  000049c0    00000040                 : args_main.obj (.text:__args_main)
                  00004a00    00000040                 : negd.obj (.text:__negd)
                  00004a40    00000040                 : trunc.obj (.text:__trunc)
                  00004a80    00000020                 : _lock.obj (.text:__nop)
                  00004aa0    00000020                 : exit.obj (.text:_abort)

.far       0    00004ac0    000005d0     UNINITIALIZED
                  00004ac0    00000500     main.obj (.far)
                  00004fc0    00000040     rts6200.lib : cos.obj (.far)
                  00005000    00000040                 : sin.obj (.far)
                  00005040    00000030                 : log.obj (.far)
                  00005070    0000000c                 : exit.obj (.far)
                  0000507c    00000008                 : _lock.obj (.far)
                  00005084    00000004                 : errno.obj (.far)
                  00005088    00000008                 : rand.obj (.far)

.stack     0    00005090    00000400     UNINITIALIZED
                  00005090    00000008     rts6200.lib : boot.obj (.stack)
                  00005098    000003f8     --HOLE--

.cinit     0    00005490    00000164     
                  00005490    00000048     rts6200.lib : cos.obj (.cinit)
                  000054d8    00000048                 : sin.obj (.cinit)
                  00005520    00000040                 : log.obj (.cinit)
                  00005560    0000002c                 : exit.obj (.cinit)
                  0000558c    00000004     --HOLE-- [fill = 0]
                  00005590    0000001c     main.obj (.cinit)
                  000055ac    00000004     --HOLE-- [fill = 0]
                  000055b0    0000001c     rts6200.lib : _lock.obj (.cinit)
                  000055cc    00000004     --HOLE-- [fill = 0]
                  000055d0    00000010                 : rand.obj (.cinit)
                  000055e0    0000000c                 : errno.obj (.cinit)
                  000055ec    00000004     --HOLE-- [fill = 0]
                  000055f0    00000004     (.pad.cinit) [fill = 0]

.bss       0    000055f8    00000034     UNINITIALIZED
                  000055f8    00000034     main.obj (.bss)


GLOBAL SYMBOLS: SORTED ALPHABETICALLY BY Name 

address    name
--------   ----
000055f8   $bss
000055f8   .bss
00000008   .data
00000020   .text
00004aa0   C$$EXIT
000055fc   _N1
00005600   _N2
000055f8   _PI
00005490   __STACK_END
00000400   __STACK_SIZE
00000001   __TI_args_main
00005078   ___TI_enable_exit_profile_output
ffffffff   ___TI_pprof_out_hndl
ffffffff   ___TI_prof_data_size
ffffffff   ___TI_prof_data_start
ffffffff   ___binit__
000055f8   ___bss__
ffffffff   ___c_args__
00005490   ___cinit__
00000008   ___data__
00000008   ___edata__
0000562c   ___end__
00004ac0   ___etext__
ffffffff   ___pinit__
00000020   ___text__
00002dc0   __addd
00001f80   __addf
000049c0   __args_main
00003c80   __auto_init
00005070   __cleanup_ptr
000041a0   __cmpd
00004380   __cvtdf
00004840   __cvtfd
00000020   __divd
00005074   __dtors_ptr
00004440   __fixdi
000048a0   __fltid
00002780   __frcaddd
00003f40   __frcmpyd
00003de0   __frcmpyd_div
00004900   __frcmpyf
0000507c   __lock
00002aa0   __mpyd
00003640   __mpyf
00004680   __mpyll
00004a00   __negd
00004a80   __nop
00003ae0   __nround
00004720   __renormd
00005090   __stack
00004960   __subd
00004a40   __trunc
00005080   __unlock
00004aa0   _abort
000047c0   _c_int00
00004500   _copy_in
00000760   _cos
00005084   _errno
00004080   _exit
000033c0   _frexp
00001480   _gaussrand
00004c00   _h
0000560c   _i
00005610   _k
000030c0   _ldexp
00001a40   _log
00005608   _m
00001708   _main
000038a0   _memcpy
000042a0   _modf
00005604   _n
00004e80   _nw
000045c0   _rand
00000e40   _sin
000023c0   _sqrt
00004ac0   _x
00004d40   _y
ffffffff   binit
00005490   cinit
00000008   edata
0000562c   end
00004ac0   etext
ffffffff   pinit


GLOBAL SYMBOLS: SORTED BY Symbol Address 

address    name
--------   ----
00000001   __TI_args_main
00000008   .data
00000008   ___data__
00000008   ___edata__
00000008   edata
00000020   .text
00000020   ___text__
00000020   __divd
00000400   __STACK_SIZE
00000760   _cos
00000e40   _sin
00001480   _gaussrand
00001708   _main
00001a40   _log
00001f80   __addf
000023c0   _sqrt
00002780   __frcaddd
00002aa0   __mpyd
00002dc0   __addd
000030c0   _ldexp
000033c0   _frexp
00003640   __mpyf
000038a0   _memcpy
00003ae0   __nround
00003c80   __auto_init
00003de0   __frcmpyd_div
00003f40   __frcmpyd
00004080   _exit
000041a0   __cmpd
000042a0   _modf
00004380   __cvtdf
00004440   __fixdi
00004500   _copy_in
000045c0   _rand
00004680   __mpyll
00004720   __renormd
000047c0   _c_int00
00004840   __cvtfd
000048a0   __fltid
00004900   __frcmpyf
00004960   __subd
000049c0   __args_main
00004a00   __negd
00004a40   __trunc
00004a80   __nop
00004aa0   C$$EXIT
00004aa0   _abort
00004ac0   ___etext__
00004ac0   _x
00004ac0   etext
00004c00   _h
00004d40   _y
00004e80   _nw
00005070   __cleanup_ptr
00005074   __dtors_ptr
00005078   ___TI_enable_exit_profile_output
0000507c   __lock
00005080   __unlock
00005084   _errno
00005090   __stack
00005490   __STACK_END
00005490   ___cinit__
00005490   cinit
000055f8   $bss
000055f8   .bss
000055f8   _PI
000055f8   ___bss__
000055fc   _N1
00005600   _N2
00005604   _n
00005608   _m
0000560c   _i
00005610   _k
0000562c   ___end__
0000562c   end
ffffffff   ___TI_pprof_out_hndl
ffffffff   ___TI_prof_data_size
ffffffff   ___TI_prof_data_start
ffffffff   ___binit__
ffffffff   ___c_args__
ffffffff   ___pinit__
ffffffff   binit
ffffffff   pinit

[83 symbols]
